gplink-1.6.1 (Jan 23 2014)
Listing File Generated: 2015-3-10  10:55:47
 
 
Address  Value    Disassembly              Source
-------  -----    -----------              ------
                                           #include <mc30p011.inc>
                                                   LIST
                                           ;MC30P01A.INC  Standard Header File, Version 1.00 by Sinomcu
                                                   NOLIST
                                            org		0x3ff
0003ff   2801     goto    0x1               goto		start        
                                            org		00h
000000   2801     goto    0x1               goto		start
                                            
                                           start:
000001   1d85     clrr    0x5               clrr		P0
000002   0b00     movai   0                 movai		0x00
000003   15c5     movra   0x45              movra		DDR0
000004   0b0a     movai   0xa               movai		0x0A;0000 1010  WDT2·ÖÆµ
000005   15c1     movra   0x41              movra		T0CR
000006   0bff     movai   0xff              movai		0xff
000007   1585     movra   0x5               movra		P0
000008   3b88     bset    0x8, 0x7          bset		WDTEN
000009   2809     goto    0x9               goto		$
                                            end


MEMORY USAGE MAP ('X' = Used,  '-' = Unused)

0000 : XXXXXXXXXXXXXXXX XXXX------------ ---------------- ----------------
07C0 : ---------------- ---------------- ---------------- --------------XX

All other memory blocks unused.

Program Memory Words Used:    11

