gplink-2.2.15 (Dec 17 2019)
Map File - Created 2020-3-30  14:00:02
 
                                 Section Info
                  Section       Type    Address   Location Size(Bytes)
                ---------  ---------  ---------  ---------  ---------
                  STARTUP       code   00000000    program   0x000002
              c_interrupt       code   0x000008    program   0x00002c
    code_MC35P7040_Demo_C       code   0x00001e    program   0x0000c0
                sharebank      udata   00000000       data   0x000007
   UDL_MC35P7040_Demo_C_0      udata   0x000007       data   0x000003
    UD_MC35P7040_Demo_C_0      udata   0x00000a       data   0x000001
      UD_abs_mc35p7040_82      udata   0x000082       data   0x000001
      UD_abs_mc35p7040_83      udata   0x000083       data   0x000001
      UD_abs_mc35p7040_84      udata   0x000084       data   0x000001
      UD_abs_mc35p7040_86      udata   0x000086       data   0x000001
      UD_abs_mc35p7040_ae      udata   0x0000ae       data   0x000001
      UD_abs_mc35p7040_af      udata   0x0000af       data   0x000001
      UD_abs_mc35p7040_b1      udata   0x0000b1       data   0x000001
      UD_abs_mc35p7040_b2      udata   0x0000b2       data   0x000001
      UD_abs_mc35p7040_b3      udata   0x0000b3       data   0x000001
      UD_abs_mc35p7040_b4      udata   0x0000b4       data   0x000001
      UD_abs_mc35p7040_b8      udata   0x0000b8       data   0x000001
      UD_abs_mc35p7040_bf      udata   0x0000bf       data   0x000001
      UD_abs_mc35p7040_c4      udata   0x0000c4       data   0x000001
      UD_abs_mc35p7040_c5      udata   0x0000c5       data   0x000001
      UD_abs_mc35p7040_c8      udata   0x0000c8       data   0x000001
      UD_abs_mc35p7040_c9      udata   0x0000c9       data   0x000001
      UD_abs_mc35p7040_ca      udata   0x0000ca       data   0x000001
      UD_abs_mc35p7040_cc      udata   0x0000cc       data   0x000001
      UD_abs_mc35p7040_cd      udata   0x0000cd       data   0x000001
      UD_abs_mc35p7040_ce      udata   0x0000ce       data   0x000001
      UD_abs_mc35p7040_cf      udata   0x0000cf       data   0x000001
      UD_abs_mc35p7040_d0      udata   0x0000d0       data   0x000001
      UD_abs_mc35p7040_d4      udata   0x0000d4       data   0x000001
      UD_abs_mc35p7040_d5      udata   0x0000d5       data   0x000001
      UD_abs_mc35p7040_d8      udata   0x0000d8       data   0x000001
      UD_abs_mc35p7040_da      udata   0x0000da       data   0x000001
      UD_abs_mc35p7040_db      udata   0x0000db       data   0x000001
      UD_abs_mc35p7040_dc      udata   0x0000dc       data   0x000001
      UD_abs_mc35p7040_dd      udata   0x0000dd       data   0x000001
      UD_abs_mc35p7040_de      udata   0x0000de       data   0x000001
      UD_abs_mc35p7040_df      udata   0x0000df       data   0x000001
      UD_abs_mc35p7040_e0      udata   0x0000e0       data   0x000001
      UD_abs_mc35p7040_e4      udata   0x0000e4       data   0x000001
      UD_abs_mc35p7040_e5      udata   0x0000e5       data   0x000001
      UD_abs_mc35p7040_e7      udata   0x0000e7       data   0x000001
      UD_abs_mc35p7040_f8      udata   0x0000f8       data   0x000001
      UD_abs_mc35p7040_f9      udata   0x0000f9       data   0x000001
      UD_abs_mc35p7040_fa      udata   0x0000fa       data   0x000001
      UD_abs_mc35p7040_fb      udata   0x0000fb       data   0x000001
      UD_abs_mc35p7040_fc      udata   0x0000fc       data   0x000001
      UD_abs_mc35p7040_fd      udata   0x0000fd       data   0x000001
      UD_abs_mc35p7040_fe      udata   0x0000fe       data   0x000001
      UD_abs_mc35p7040_ff      udata   0x0000ff       data   0x000001
 
                              Program Memory Usage
                               Start         End
                           ---------   ---------
                            00000000    00000000
                            0x000008    0x00001d
                            0x00001e    0x00007d
 
                            119 program addresses used
 
                              Symbols
                     Name    Address   Location    Storage File
                ---------  ---------  ---------  --------- ---------
                    STK06   00000000       data     extern MC35P7040_Demo_C.asm
                    STK05   0x000001       data     extern MC35P7040_Demo_C.asm
                    STK04   0x000002       data     extern MC35P7040_Demo_C.asm
                    STK03   0x000003       data     extern MC35P7040_Demo_C.asm
                    STK02   0x000004       data     extern MC35P7040_Demo_C.asm
                    STK01   0x000005       data     extern MC35P7040_Demo_C.asm
                    STK00   0x000006       data     extern MC35P7040_Demo_C.asm
                   _flag1   0x00000a       data     extern MC35P7040_Demo_C.asm
                  r0x1000   0x000007       data     static MC35P7040_Demo_C.asm
                  r0x1001   0x000008       data     static MC35P7040_Demo_C.asm
                  r0x1003   0x000009       data     static MC35P7040_Demo_C.asm
         __sdcc_interrupt   0x000008    program     static MC35P7040_Demo_C.asm
                 _int_isr   0x000008    program     extern MC35P7040_Demo_C.asm
               _00131_DS_   0x00001c    program     static MC35P7040_Demo_C.asm
         END_OF_INTERRUPT   0x00001d    program     static MC35P7040_Demo_C.asm
                    _main   0x00001e    program     extern MC35P7040_Demo_C.asm
               _00123_DS_   0x00001f    program     static MC35P7040_Demo_C.asm
               _00125_DS_   0x000038    program     static MC35P7040_Demo_C.asm
                _Sys_Init   0x000058    program     extern MC35P7040_Demo_C.asm
         _TIMER0_INT_Init   0x00005e    program     extern MC35P7040_Demo_C.asm
                 _IO_Init   0x000067    program     extern MC35P7040_Demo_C.asm
                 _CLR_RAM   0x000076    program     extern MC35P7040_Demo_C.asm
_code_MC35P7040_Demo_C_005D   0x00007b    program     static MC35P7040_Demo_C.asm
              _HIBYTEbits   0x000082       data     extern mc35p7040.asm
                  _HIBYTE   0x000082       data     extern mc35p7040.asm
                _FSR0bits   0x000083       data     extern mc35p7040.asm
                    _FSR0   0x000083       data     extern mc35p7040.asm
                _FSR1bits   0x000084       data     extern mc35p7040.asm
                    _FSR1   0x000084       data     extern mc35p7040.asm
               _PFLAGbits   0x000086       data     extern mc35p7040.asm
                   _PFLAG   0x000086       data     extern mc35p7040.asm
               _P4CONbits   0x0000ae       data     extern mc35p7040.asm
                   _P4CON   0x0000ae       data     extern mc35p7040.asm
              _VREFCRbits   0x0000af       data     extern mc35p7040.asm
                  _VREFCR   0x0000af       data     extern mc35p7040.asm
                 _ADMbits   0x0000b1       data     extern mc35p7040.asm
                     _ADM   0x0000b1       data     extern mc35p7040.asm
                 _ADBbits   0x0000b2       data     extern mc35p7040.asm
                     _ADB   0x0000b2       data     extern mc35p7040.asm
                 _ADRbits   0x0000b3       data     extern mc35p7040.asm
                     _ADR   0x0000b3       data     extern mc35p7040.asm
                 _ADTbits   0x0000b4       data     extern mc35p7040.asm
                     _ADT   0x0000b4       data     extern mc35p7040.asm
                _OEP0bits   0x0000b8       data     extern mc35p7040.asm
                    _OEP0   0x0000b8       data     extern mc35p7040.asm
              _EINTCRbits   0x0000bf       data     extern mc35p7040.asm
                  _EINTCR   0x0000bf       data     extern mc35p7040.asm
                _OEP4bits   0x0000c4       data     extern mc35p7040.asm
                    _OEP4   0x0000c4       data     extern mc35p7040.asm
                _OEP5bits   0x0000c5       data     extern mc35p7040.asm
                    _OEP5   0x0000c5       data     extern mc35p7040.asm
                _INTFbits   0x0000c8       data     extern mc35p7040.asm
                    _INTF   0x0000c8       data     extern mc35p7040.asm
                _INTEbits   0x0000c9       data     extern mc35p7040.asm
                    _INTE   0x0000c9       data     extern mc35p7040.asm
                _OSCMbits   0x0000ca       data     extern mc35p7040.asm
                    _OSCM   0x0000ca       data     extern mc35p7040.asm
               _WDTCRbits   0x0000cc       data     extern mc35p7040.asm
                   _WDTCR   0x0000cc       data     extern mc35p7040.asm
               _T0LDRbits   0x0000cd       data     extern mc35p7040.asm
                   _T0LDR   0x0000cd       data     extern mc35p7040.asm
                 _PCLbits   0x0000ce       data     extern mc35p7040.asm
                     _PCL   0x0000ce       data     extern mc35p7040.asm
                 _PCHbits   0x0000cf       data     extern mc35p7040.asm
                     _PCH   0x0000cf       data     extern mc35p7040.asm
                _IOP0bits   0x0000d0       data     extern mc35p7040.asm
                    _IOP0   0x0000d0       data     extern mc35p7040.asm
                _IOP4bits   0x0000d4       data     extern mc35p7040.asm
                    _IOP4   0x0000d4       data     extern mc35p7040.asm
                _IOP5bits   0x0000d5       data     extern mc35p7040.asm
                    _IOP5   0x0000d5       data     extern mc35p7040.asm
               _TMRCRbits   0x0000d8       data     extern mc35p7040.asm
                   _TMRCR   0x0000d8       data     extern mc35p7040.asm
                _T0CRbits   0x0000da       data     extern mc35p7040.asm
                    _T0CR   0x0000da       data     extern mc35p7040.asm
               _T0CNTbits   0x0000db       data     extern mc35p7040.asm
                   _T0CNT   0x0000db       data     extern mc35p7040.asm
                _T1CRbits   0x0000dc       data     extern mc35p7040.asm
                    _T1CR   0x0000dc       data     extern mc35p7040.asm
               _T1CNTbits   0x0000dd       data     extern mc35p7040.asm
                   _T1CNT   0x0000dd       data     extern mc35p7040.asm
               _T1LDRbits   0x0000de       data     extern mc35p7040.asm
                   _T1LDR   0x0000de       data     extern mc35p7040.asm
                 _MCRbits   0x0000df       data     extern mc35p7040.asm
                     _MCR   0x0000df       data     extern mc35p7040.asm
                _PUP0bits   0x0000e0       data     extern mc35p7040.asm
                    _PUP0   0x0000e0       data     extern mc35p7040.asm
                _PUP4bits   0x0000e4       data     extern mc35p7040.asm
                    _PUP4   0x0000e4       data     extern mc35p7040.asm
                _PUP5bits   0x0000e5       data     extern mc35p7040.asm
                    _PUP5   0x0000e5       data     extern mc35p7040.asm
                _INDFbits   0x0000e7       data     extern mc35p7040.asm
                    _INDF   0x0000e7       data     extern mc35p7040.asm
              _STKR3Lbits   0x0000f8       data     extern mc35p7040.asm
                  _STKR3L   0x0000f8       data     extern mc35p7040.asm
              _STKR3Hbits   0x0000f9       data     extern mc35p7040.asm
                  _STKR3H   0x0000f9       data     extern mc35p7040.asm
              _STKR2Lbits   0x0000fa       data     extern mc35p7040.asm
                  _STKR2L   0x0000fa       data     extern mc35p7040.asm
              _STKR2Hbits   0x0000fb       data     extern mc35p7040.asm
                  _STKR2H   0x0000fb       data     extern mc35p7040.asm
              _STKR1Lbits   0x0000fc       data     extern mc35p7040.asm
                  _STKR1L   0x0000fc       data     extern mc35p7040.asm
              _STKR1Hbits   0x0000fd       data     extern mc35p7040.asm
                  _STKR1H   0x0000fd       data     extern mc35p7040.asm
              _STKR0Lbits   0x0000fe       data     extern mc35p7040.asm
                  _STKR0L   0x0000fe       data     extern mc35p7040.asm
              _STKR0Hbits   0x0000ff       data     extern mc35p7040.asm
                  _STKR0H   0x0000ff       data     extern mc35p7040.asm
 
